src/features/landing/LandingPage.tsx(176,33): error TS2322: Type '"default" | "ghost"' is not assignable to type '"primary" | "secondary" | "danger" | "ghost" | undefined'.
  Type '"default"' is not assignable to type '"primary" | "secondary" | "danger" | "ghost" | undefined'.
src/features/notifications/notification.service.ts(27,26): error TS2339: Property 'patch' does not exist on type '{ get: <T>(endpoint: string, options?: RequestInit | undefined) => Promise<T>; post: <T>(endpoint: string, body: any, options?: RequestInit | undefined) => Promise<...>; put: <T>(endpoint: string, body: any, options?: RequestInit | undefined) => Promise<...>; delete: <T>(endpoint: string, options?: RequestInit | und...'.
src/features/notifications/NotificationInbox.test.tsx(28,15): error TS2353: Object literal may only specify known properties, and 'id' does not exist in type 'Notification'.
src/features/notifications/NotificationInbox.test.tsx(29,15): error TS2353: Object literal may only specify known properties, and 'id' does not exist in type 'Notification'.
src/features/notifications/NotificationInbox.test.tsx(31,75): error TS2345: Argument of type 'Notification[]' is not assignable to parameter of type 'import("C:/Users/rpalacios.SATYATEC/APPs/git-proyects/AjaxSecurFlow/frontend/src/features/notifications/notification.service").Notification[]'.
  Type 'Notification' is missing the following properties from type 'Notification': id, message, notification_type, is_read, created_at
